Fichier apache.log non trouv√©.
Usage: analog [OPTION]... <file.log>
