analog: -l: nombre incorrect
Usage: analog [OPTION]... <file.log>
