# nombre impaire de parametres 
ERR
# Invalid parameters
