OK
# New object : Name12
OK
# New object : 1172v
OK
# New object : rectangle1
OK
# New object : agg1
OK
# Object Name12 deleted
OK
# Object 1172v deleted
R rectangle1 56 46 108 4536
