OK
# New object : Name12
OK
# New object : 1172v
OK
# New object : rectangle1
OK
# New object : agg1
OK
# Object Name12 moved
OK
# Object agg1 moved
