Le fichier b.log est vide
Usage: analog [OPTION]... <file.log>
