OK
# New object : pl
OK
# New object : p
OK 
# New object : pgrande
