option invalide -- '-m'
Usage: analog [OPTION]... <file.log>
