OK
# New object : Name12
OK
OK
# New object : Name12
PL Name12 56 46 108 4536 80 100
