analog: -t: nombre incorrect
Usage: analog [OPTION]... <file.log>
